Grid Dims: Nx =  512 Ny =  512
Dom Size: Lx =  62.83185307179586 Ly =  62.83185307179586
Approximation subsampling: 2
Max tst_theta_x: 7.247878785964106
Min tst_theta_x: -5.247878785924174
Max tst_theta_y: 0.7146585314412531
Min tst_theta_y: -0.7146585314435668
Max tst_divk: 112.88062675524131
Min tst_divk: -115.47306332060494
Max tst_curlk: 2.6645352591003757e-15
Min tst_curlk: -2.220446049250313e-15
Max tst_Jk: -3.836921080798682e-136
Min tst_Jk: -33.854519701133015
Phase Function: 
 X*kb + 1.0*np.log((0.5 - 0.5*np.exp(np.pi*beta*np.sign(X)))*special.erf(Y*np.sqrt(beta*kb)/np.sqrt(np.abs(X))) + 0.5*np.exp(np.pi*beta*np.sign(X)) + 0.5)/beta
Objective Function: 
 (-W + np.cos(X*kb + 1.0*np.log((0.5 - 0.5*np.exp(np.pi*beta*np.sign(X)))*special.erf(Y*np.sqrt(beta*kb)/np.sqrt(np.abs(X))) + 0.5*np.exp(np.pi*beta*np.sign(X)) + 0.5)/beta))**2
Objective Function Partial in kb: 
 -2*(-W + np.cos(X*kb + 1.0*np.log((0.5 - 0.5*np.exp(np.pi*beta*np.sign(X)))*special.erf(Y*np.sqrt(beta*kb)/np.sqrt(np.abs(X))) + 0.5*np.exp(np.pi*beta*np.sign(X)) + 0.5)/beta))*(X + 1.0*Y*np.sqrt(beta*kb)*(0.5 - 0.5*np.exp(np.pi*beta*np.sign(X)))*np.exp(-Y**2*beta*kb/np.abs(X))/(np.sqrt(np.pi)*beta*kb*((0.5 - 0.5*np.exp(np.pi*beta*np.sign(X)))*special.erf(Y*np.sqrt(beta*kb)/np.sqrt(np.abs(X))) + 0.5*np.exp(np.pi*beta*np.sign(X)) + 0.5)*np.sqrt(np.abs(X))))*np.sin(X*kb + 1.0*np.log((0.5 - 0.5*np.exp(np.pi*beta*np.sign(X)))*special.erf(Y*np.sqrt(beta*kb)/np.sqrt(np.abs(X))) + 0.5*np.exp(np.pi*beta*np.sign(X)) + 0.5)/beta)
Objective Function Partial in beta: 
 -2*(-W + np.cos(X*kb + 1.0*np.log((0.5 - 0.5*np.exp(np.pi*beta*np.sign(X)))*special.erf(Y*np.sqrt(beta*kb)/np.sqrt(np.abs(X))) + 0.5*np.exp(np.pi*beta*np.sign(X)) + 0.5)/beta))*(1.0*(Y*np.sqrt(beta*kb)*(0.5 - 0.5*np.exp(np.pi*beta*np.sign(X)))*np.exp(-Y**2*beta*kb/np.abs(X))/(np.sqrt(np.pi)*beta*np.sqrt(np.abs(X))) - 0.5*np.pi*np.exp(np.pi*beta*np.sign(X))*special.erf(Y*np.sqrt(beta*kb)/np.sqrt(np.abs(X)))*np.sign(X) + 0.5*np.pi*np.exp(np.pi*beta*np.sign(X))*np.sign(X))/(beta*((0.5 - 0.5*np.exp(np.pi*beta*np.sign(X)))*special.erf(Y*np.sqrt(beta*kb)/np.sqrt(np.abs(X))) + 0.5*np.exp(np.pi*beta*np.sign(X)) + 0.5)) - 1.0*np.log((0.5 - 0.5*np.exp(np.pi*beta*np.sign(X)))*special.erf(Y*np.sqrt(beta*kb)/np.sqrt(np.abs(X))) + 0.5*np.exp(np.pi*beta*np.sign(X)) + 0.5)/beta**2)*np.sin(X*kb + 1.0*np.log((0.5 - 0.5*np.exp(np.pi*beta*np.sign(X)))*special.erf(Y*np.sqrt(beta*kb)/np.sqrt(np.abs(X))) + 0.5*np.exp(np.pi*beta*np.sign(X)) + 0.5)/beta)
Phase Function Partial in x: 
 kb + 1.0*(-Y*np.sqrt(beta*kb)*(0.5 - 0.5*np.exp(np.pi*beta*np.sign(X)))*np.exp(-Y**2*beta*kb/np.abs(X))*np.sign(X)/(np.sqrt(np.pi)*np.abs(X)**(3/2)) - 1.0*np.pi*beta*np.exp(np.pi*beta*np.sign(X))*DiracDelta(X)*special.erf(Y*np.sqrt(beta*kb)/np.sqrt(np.abs(X))) + 1.0*np.pi*beta*np.exp(np.pi*beta*np.sign(X))*DiracDelta(X))/(beta*((0.5 - 0.5*np.exp(np.pi*beta*np.sign(X)))*special.erf(Y*np.sqrt(beta*kb)/np.sqrt(np.abs(X))) + 0.5*np.exp(np.pi*beta*np.sign(X)) + 0.5))
Phase Function Partial in y: 
 2.0*np.sqrt(beta*kb)*(0.5 - 0.5*np.exp(np.pi*beta*np.sign(X)))*np.exp(-Y**2*beta*kb/np.abs(X))/(np.sqrt(np.pi)*beta*((0.5 - 0.5*np.exp(np.pi*beta*np.sign(X)))*special.erf(Y*np.sqrt(beta*kb)/np.sqrt(np.abs(X))) + 0.5*np.exp(np.pi*beta*np.sign(X)) + 0.5)*np.sqrt(np.abs(X)))
Phase Function Partial in xx: 
 1.0*(2.0*np.sqrt(np.pi)*Y*beta*np.sqrt(beta*kb)*np.exp(np.pi*beta*np.sign(X))*np.exp(-Y**2*beta*kb/np.abs(X))*DiracDelta(X)*np.sign(X)/np.abs(X)**(3/2) - 2*Y*np.sqrt(beta*kb)*(0.5 - 0.5*np.exp(np.pi*beta*np.sign(X)))*np.exp(-Y**2*beta*kb/np.abs(X))*DiracDelta(X)/(np.sqrt(np.pi)*np.abs(X)**(3/2)) + 3*Y*np.sqrt(beta*kb)*(0.5 - 0.5*np.exp(np.pi*beta*np.sign(X)))*np.exp(-Y**2*beta*kb/np.abs(X))*np.sign(X)**2/(2*np.sqrt(np.pi)*np.abs(X)**(5/2)) - 2.0*np.pi**2*beta**2*np.exp(np.pi*beta*np.sign(X))*DiracDelta(X)**2*special.erf(Y*np.sqrt(beta*kb)/np.sqrt(np.abs(X))) + 2.0*np.pi**2*beta**2*np.exp(np.pi*beta*np.sign(X))*DiracDelta(X)**2 - 1.0*np.pi*beta*np.exp(np.pi*beta*np.sign(X))*DiracDelta(X, 1)*special.erf(Y*np.sqrt(beta*kb)/np.sqrt(np.abs(X))) + 1.0*np.pi*beta*np.exp(np.pi*beta*np.sign(X))*DiracDelta(X, 1) - Y**3*beta*kb*np.sqrt(beta*kb)*(0.5 - 0.5*np.exp(np.pi*beta*np.sign(X)))*np.exp(-Y**2*beta*kb/np.abs(X))*np.sign(X)**2/(np.sqrt(np.pi)*X**2*np.abs(X)**(3/2)))/(beta*((0.5 - 0.5*np.exp(np.pi*beta*np.sign(X)))*special.erf(Y*np.sqrt(beta*kb)/np.sqrt(np.abs(X))) + 0.5*np.exp(np.pi*beta*np.sign(X)) + 0.5)) + 1.0*(-Y*np.sqrt(beta*kb)*(0.5 - 0.5*np.exp(np.pi*beta*np.sign(X)))*np.exp(-Y**2*beta*kb/np.abs(X))*np.sign(X)/(np.sqrt(np.pi)*np.abs(X)**(3/2)) - 1.0*np.pi*beta*np.exp(np.pi*beta*np.sign(X))*DiracDelta(X)*special.erf(Y*np.sqrt(beta*kb)/np.sqrt(np.abs(X))) + 1.0*np.pi*beta*np.exp(np.pi*beta*np.sign(X))*DiracDelta(X))*(Y*np.sqrt(beta*kb)*(0.5 - 0.5*np.exp(np.pi*beta*np.sign(X)))*np.exp(-Y**2*beta*kb/np.abs(X))*np.sign(X)/(np.sqrt(np.pi)*np.abs(X)**(3/2)) + 1.0*np.pi*beta*np.exp(np.pi*beta*np.sign(X))*DiracDelta(X)*special.erf(Y*np.sqrt(beta*kb)/np.sqrt(np.abs(X))) - 1.0*np.pi*beta*np.exp(np.pi*beta*np.sign(X))*DiracDelta(X))/(beta*((0.5 - 0.5*np.exp(np.pi*beta*np.sign(X)))*special.erf(Y*np.sqrt(beta*kb)/np.sqrt(np.abs(X))) + 0.5*np.exp(np.pi*beta*np.sign(X)) + 0.5)**2)
Phase Function Partial in yy: 
 -4.0*Y*kb*np.sqrt(beta*kb)*(0.5 - 0.5*np.exp(np.pi*beta*np.sign(X)))*np.exp(-Y**2*beta*kb/np.abs(X))/(np.sqrt(np.pi)*((0.5 - 0.5*np.exp(np.pi*beta*np.sign(X)))*special.erf(Y*np.sqrt(beta*kb)/np.sqrt(np.abs(X))) + 0.5*np.exp(np.pi*beta*np.sign(X)) + 0.5)*np.abs(X)**(3/2)) - 4.0*beta*kb*0.25*(1 - np.exp(np.pi*beta*np.sign(X)))**2*np.exp(-2*Y**2*beta*kb/np.abs(X))/(np.pi*beta*((0.5 - 0.5*np.exp(np.pi*beta*np.sign(X)))*special.erf(Y*np.sqrt(beta*kb)/np.sqrt(np.abs(X))) + 0.5*np.exp(np.pi*beta*np.sign(X)) + 0.5)**2*np.abs(X))
Phase Function Partial in xy: 
 -2.0*np.sqrt(beta*kb)*(0.5 - 0.5*np.exp(np.pi*beta*np.sign(X)))*(-Y*np.sqrt(beta*kb)*(0.5 - 0.5*np.exp(np.pi*beta*np.sign(X)))*np.exp(-Y**2*beta*kb/np.abs(X))*np.sign(X)/(np.sqrt(np.pi)*np.abs(X)**(3/2)) - 1.0*np.pi*beta*np.exp(np.pi*beta*np.sign(X))*DiracDelta(X)*special.erf(Y*np.sqrt(beta*kb)/np.sqrt(np.abs(X))) + 1.0*np.pi*beta*np.exp(np.pi*beta*np.sign(X))*DiracDelta(X))*np.exp(-Y**2*beta*kb/np.abs(X))/(np.sqrt(np.pi)*beta*((0.5 - 0.5*np.exp(np.pi*beta*np.sign(X)))*special.erf(Y*np.sqrt(beta*kb)/np.sqrt(np.abs(X))) + 0.5*np.exp(np.pi*beta*np.sign(X)) + 0.5)**2*np.sqrt(np.abs(X))) + 1.0*(2*Y**2*beta*kb*np.sqrt(beta*kb)*(0.5 - 0.5*np.exp(np.pi*beta*np.sign(X)))*np.exp(-Y**2*beta*kb/np.abs(X))*np.sign(X)/(np.sqrt(np.pi)*np.abs(X)**(5/2)) - 2.0*np.sqrt(np.pi)*beta*np.sqrt(beta*kb)*np.exp(np.pi*beta*np.sign(X))*np.exp(-Y**2*beta*kb/np.abs(X))*DiracDelta(X)/np.sqrt(np.abs(X)) - np.sqrt(beta*kb)*(0.5 - 0.5*np.exp(np.pi*beta*np.sign(X)))*np.exp(-Y**2*beta*kb/np.abs(X))*np.sign(X)/(np.sqrt(np.pi)*np.abs(X)**(3/2)))/(beta*((0.5 - 0.5*np.exp(np.pi*beta*np.sign(X)))*special.erf(Y*np.sqrt(beta*kb)/np.sqrt(np.abs(X))) + 0.5*np.exp(np.pi*beta*np.sign(X)) + 0.5))
Phase Function Partial in yx: 
 -2.0*np.sqrt(np.pi)*np.sqrt(beta*kb)*np.exp(np.pi*beta*np.sign(X))*np.exp(-Y**2*beta*kb/np.abs(X))*DiracDelta(X)/(((0.5 - 0.5*np.exp(np.pi*beta*np.sign(X)))*special.erf(Y*np.sqrt(beta*kb)/np.sqrt(np.abs(X))) + 0.5*np.exp(np.pi*beta*np.sign(X)) + 0.5)*np.sqrt(np.abs(X))) - 1.0*np.sqrt(beta*kb)*(0.5 - 0.5*np.exp(np.pi*beta*np.sign(X)))*np.exp(-Y**2*beta*kb/np.abs(X))*np.sign(X)/(np.sqrt(np.pi)*beta*((0.5 - 0.5*np.exp(np.pi*beta*np.sign(X)))*special.erf(Y*np.sqrt(beta*kb)/np.sqrt(np.abs(X))) + 0.5*np.exp(np.pi*beta*np.sign(X)) + 0.5)*np.abs(X)**(3/2)) + 2.0*np.sqrt(beta*kb)*(0.5 - 0.5*np.exp(np.pi*beta*np.sign(X)))*(Y*np.sqrt(beta*kb)*(0.5 - 0.5*np.exp(np.pi*beta*np.sign(X)))*np.exp(-Y**2*beta*kb/np.abs(X))*np.sign(X)/(np.sqrt(np.pi)*np.abs(X)**(3/2)) + 1.0*np.pi*beta*np.exp(np.pi*beta*np.sign(X))*DiracDelta(X)*special.erf(Y*np.sqrt(beta*kb)/np.sqrt(np.abs(X))) - 1.0*np.pi*beta*np.exp(np.pi*beta*np.sign(X))*DiracDelta(X))*np.exp(-Y**2*beta*kb/np.abs(X))/(np.sqrt(np.pi)*beta*((0.5 - 0.5*np.exp(np.pi*beta*np.sign(X)))*special.erf(Y*np.sqrt(beta*kb)/np.sqrt(np.abs(X))) + 0.5*np.exp(np.pi*beta*np.sign(X)) + 0.5)**2*np.sqrt(np.abs(X))) + 2.0*Y**2*kb*np.sqrt(beta*kb)*(0.5 - 0.5*np.exp(np.pi*beta*np.sign(X)))*np.exp(-Y**2*beta*kb/np.abs(X))*np.sign(X)/(np.sqrt(np.pi)*X**2*((0.5 - 0.5*np.exp(np.pi*beta*np.sign(X)))*special.erf(Y*np.sqrt(beta*kb)/np.sqrt(np.abs(X))) + 0.5*np.exp(np.pi*beta*np.sign(X)) + 0.5)*np.sqrt(np.abs(X)))
Init Vals: 1.0 0.1
Step:  1
Gradient Norm 1.013959478052229
Obj Function Norm:  0.1591961737521284
New Vals:  0.9997010477908415 0.09903111331943763
Step:  2
Gradient Norm 1.0041555304670409
Obj Function Norm:  0.1581887178706294
New Vals:  0.9994819272492632 0.09805115693386428
Step:  3
Gradient Norm 1.004229480810898
Obj Function Norm:  0.15717789872329754
New Vals:  0.9993216652501791 0.09705979779521709
Step:  4
Gradient Norm 1.0099126649469043
Obj Function Norm:  0.15615376561572525
New Vals:  0.9992047582096963 0.09605667450533407
Step:  5
Gradient Norm 1.0188217345944992
Obj Function Norm:  0.15511041510532314
New Vals:  0.9991197639829806 0.09504140424165688
Step:  6
Gradient Norm 1.0296581468449444
Obj Function Norm:  0.15404410684713424
New Vals:  0.9990582486770463 0.09401358530502457
Step:  7
Gradient Norm 1.0417279996820599
Obj Function Norm:  0.15295223581343842
New Vals:  0.9990140024485651 0.09297279738398265
Step:  8
Gradient Norm 1.054668606732242
Obj Function Norm:  0.15183277140376714
New Vals:  0.998982457411966 0.09191860063731128
Step:  9
Gradient Norm 1.0682971855288006
Obj Function Norm:  0.15068395019094535
New Vals:  0.9989602565467808 0.09085053416082502
Step:  10
Gradient Norm 1.0825284752397044
Obj Function Norm:  0.14950410594063346
New Vals:  0.998944934978754 0.08976811411793131
Step:  11
Gradient Norm 1.0973303322223775
Obj Function Norm:  0.1482915735625266
New Vals:  0.9989346846580301 0.08867083166161464
Step:  12
Gradient Norm 1.1126999736822314
Obj Function Norm:  0.1470446325610783
New Vals:  0.9989281808037326 0.08755815069596828
Step:  13
Gradient Norm 1.1286513646701928
Obj Function Norm:  0.14576147127005754
New Vals:  0.9989244540239366 0.08642950548418371
Step:  14
Gradient Norm 1.1452085954881994
Obj Function Norm:  0.14444016167562018
New Vals:  0.9989227961711009 0.0852842980886854
Step:  15
Gradient Norm 1.162402475417625
Obj Function Norm:  0.14307863923723202
New Vals:  0.9989226910899577 0.08412189561801744
Step:  16
Gradient Norm 1.1802688565185928
Obj Function Norm:  0.14167468459318336
New Vals:  0.9989237637181703 0.08294162724890115
Step:  17
Gradient Norm 1.1988478944848537
Obj Function Norm:  0.14022590536001162
New Vals:  0.9989257427092324 0.0817427809878213
Step:  18
Gradient Norm 1.2181838254099109
Obj Function Norm:  0.13872971693040254
New Vals:  0.9989284330132003 0.08052460013312242
Step:  19
Gradient Norm 1.2383250363846574
Obj Function Norm:  0.1371833215273947
New Vals:  0.9989316957875365 0.07928627939517094
Step:  20
Gradient Norm 1.2593243143031585
Obj Function Norm:  0.1355836849378532
New Vals:  0.9989354337026175 0.07802696062830293
Step:  21
Gradient Norm 1.2812392141956424
Obj Function Norm:  0.13392751040772863
New Vals:  0.9989395802176934 0.07674572812387394
Step:  22
Gradient Norm 1.3041325189106354
Obj Function Norm:  0.13221120917948118
New Vals:  0.9989440917804174 0.07544160340871746
Step:  23
Gradient Norm 1.328072778336896
Obj Function Norm:  0.13043086711118243
New Vals:  0.9989489421814839 0.07411353948775244
Step:  24
Gradient Norm 1.3531349251091742
Obj Function Norm:  0.12858220674893492
New Vals:  0.9989541185013416 0.07276041446349824
Step:  25
Gradient Norm 1.379400968274749
Obj Function Norm:  0.1266605441351155
New Vals:  0.9989596182376214 0.07138102445912015
Step:  26
Gradient Norm 1.4069607683957
Obj Function Norm:  0.12466073952741885
New Vals:  0.9989654473140357 0.06997407576578667
Step:  27
Gradient Norm 1.43591289773075
Obj Function Norm:  0.12257714107961835
New Vals:  0.9989716187546341 0.0685381761303001
Step:  28
Gradient Norm 1.4663655875604844
Obj Function Norm:  0.12040352039687961
New Vals:  0.9989781518692343 0.06707182509634022
Step:  29
Gradient Norm 1.4984377609737634
Obj Function Norm:  0.11813299873116245
New Vals:  0.9989850718424345 0.065573403314103
Step:  30
Gradient Norm 1.5322601425833708
Obj Function Norm:  0.11575796243527758
New Vals:  0.9989924096541909 0.06404116074157466
Step:  31
Gradient Norm 1.5679764250638872
Obj Function Norm:  0.11326996616554152
New Vals:  0.9990002022878421 0.06247320368080517
Step:  32
Gradient Norm 1.6057444534737058
Obj Function Norm:  0.11065962224545323
New Vals:  0.9990084932042154 0.060867480631656506
Step:  33
Gradient Norm 1.6457373578307537
Obj Function Norm:  0.10791647463409286
New Vals:  0.9990173330801217 0.05922176701515037
Step:  34
Gradient Norm 1.6881445156358277
Obj Function Norm:  0.10502885618330886
New Vals:  0.9990267808278402 0.05753364893701295
Step:  35
Gradient Norm 1.733172148170234
Obj Function Norm:  0.1019837284895435
New Vals:  0.9990369049306387 0.055800506358418926
Step:  36
Gradient Norm 1.781043229912553
Obj Function Norm:  0.09876650494461015
New Vals:  0.9990477851494696 0.05401949636191258
Step:  37
Gradient Norm 1.8319961906384432
Obj Function Norm:  0.09536086007040213
New Vals:  0.9990595146792072 0.052187537721373474
Step:  38
Gradient Norm 1.8862815672382605
Obj Function Norm:  0.09174853275295818
New Vals:  0.9990722028607589 0.050301298828509755
Step:  39
Gradient Norm 1.94415523764789
Obj Function Norm:  0.08790913906654425
New Vals:  0.9990859785897185 0.0483571923969157
Step:  40
Gradient Norm 2.005866008297756
Obj Function Norm:  0.08382002458751127
New Vals:  0.9991009946043472 0.046351382594728804
Step:  41
Gradient Norm 2.071633899549276
Obj Function Norm:  0.0794562109471245
New Vals:  0.999117432886083 0.04427981391456024
Step:  42
Gradient Norm 2.1416130840359346
Obj Function Norm:  0.07479053473618867
New Vals:  0.9991355114623309 0.04213827713766503
Step:  43
Gradient Norm 2.215829389832383
Obj Function Norm:  0.06979415251848711
New Vals:  0.9991554929552144 0.03992253784235362
Step:  44
Gradient Norm 2.294075376357996
Obj Function Norm:  0.0644377175610192
New Vals:  0.9991776952469256 0.03762856990651518
Step:  45
Gradient Norm 2.3757341247065966
Obj Function Norm:  0.05869376274098499
New Vals:  0.9992025045726924 0.03525296532480331
Step:  46
Gradient Norm 2.459482477116145
Obj Function Norm:  0.05254121627049566
New Vals:  0.9992303910680169 0.032793640946316434
Step:  47
Gradient Norm 2.5427897673577218
Obj Function Norm:  0.045973628135733156
New Vals:  0.9992619259771124 0.03025104672967716
Step:  48
Gradient Norm 2.6210712886118928
Obj Function Norm:  0.03901368843599989
New Vals:  0.9992977976915652 0.027630220920874173
Step:  49
Gradient Norm 2.6862719229338707
Obj Function Norm:  0.03173788051523693
New Vals:  0.9993388190721375 0.024944262229777307
Step:  50
Gradient Norm 2.724567970944128
Obj Function Norm:  0.024315648601360217
New Vals:  0.9993859081464346 0.022220101212624237
Step:  51
Gradient Norm 2.712935549726909
Obj Function Norm:  0.01706323445397104
New Vals:  0.9994400029181477 0.019507705029791544
Step:  52
Gradient Norm 2.6151456945252596
Obj Function Norm:  0.010491499997810048
New Vals:  0.999501831959482 0.016893290339417867
Step:  53
Gradient Norm 2.38114626165648
Obj Function Norm:  0.005269052992637922
New Vals:  0.9995714105235524 0.014513160859153709
Step:  54
Gradient Norm 1.9630720511852005
Obj Function Norm:  0.0019496347260008979
New Vals:  0.9996471393628645 0.012551550036120532
Step:  55
Gradient Norm 1.3709476650982342
Obj Function Norm:  0.00047296232507214564
New Vals:  0.9997247170692504 0.01118279907268335
Step:  56
Gradient Norm 0.7479878403140102
Obj Function Norm:  7.347883936707044e-05
New Vals:  0.9997970896895573 0.01043832072304011
Step:  57
Gradient Norm 0.3075039375610474
Obj Function Norm:  9.866108421968315e-06
New Vals:  0.9998572515708907 0.01013675941973683
Step:  58
Gradient Norm 0.10661465703653066
Obj Function Norm:  2.108924505720829e-06
New Vals:  0.9999023646103029 0.010040159736662793
Step:  59
Gradient Norm 0.04220248876603643
Obj Function Norm:  7.631773612909368e-07
New Vals:  0.9999340991606174 0.010012339449561746
Step:  60
Gradient Norm 0.02309010823446391
Obj Function Norm:  3.2848249505821497e-07
New Vals:  0.9999557632652588 0.010004350728239443
Step:  61
Gradient Norm 0.014815476923245703
Obj Function Norm:  1.4604170847445206e-07
New Vals:  0.9999703708118608 0.0100018772815081
Step:  62
Gradient Norm 0.009841881911765202
Obj Function Norm:  6.526719811072011e-08
New Vals:  0.9999801720311036 0.010000983558440603
Step:  63
Gradient Norm 0.006575601555951718
Obj Function Norm:  2.919169735269373e-08
New Vals:  0.9999867356196552 0.010000586266172236
Step:  64
Gradient Norm 0.004397241915500195
Obj Function Norm:  1.3057927903188004e-08
New Vals:  0.999991127700745 0.010000373286914978
Step:  65
Gradient Norm 0.002940919745271633
Obj Function Norm:  5.841104212510084e-09
New Vals:  0.9999940658084958 0.010000244710894137
Step:  66
Gradient Norm 0.0019669510432186155
Obj Function Norm:  2.6128541624285217e-09
New Vals:  0.9999960310350501 0.01000016236408652
Step:  67
Gradient Norm 0.0013155403267342872
Obj Function Norm:  1.1687843837968234e-09
New Vals:  0.9999973454618714 0.010000108248629905
Step:  68
Gradient Norm 0.0008798612569881069
Obj Function Norm:  5.228208133863128e-10
New Vals:  0.9999982245887669 0.010000072307940292
Step:  69
Gradient Norm 0.0005884691731776927
Obj Function Norm:  2.338680048909457e-10
New Vals:  0.9999988125695091 0.010000048336819613
Step:  70
Gradient Norm 0.00039357987481453984
Obj Function Norm:  1.0461366065773553e-10
New Vals:  0.9999992058234318 0.010000032322135036
Step:  71
Gradient Norm 0.0002632338938324663
Obj Function Norm:  4.6795678678842206e-11
New Vals:  0.9999994688395143 0.010000021615910246
Step:  72
Gradient Norm 0.0001760558947639549
Obj Function Norm:  2.0932588833858044e-11
New Vals:  0.9999996447497841 0.01000001445664701
Step:  73
Gradient Norm 0.00011774954174044493
Obj Function Norm:  9.363539119516162e-12
New Vals:  0.9999997624019432 0.010000009668740848
Step:  74
Gradient Norm 7.875312713963196e-05
Obj Function Norm:  4.1884857726108855e-12
New Vals:  0.9999998410899429 0.010000006466595067
Step:  75
Gradient Norm 5.26715794478101e-05
Obj Function Norm:  1.873587646948405e-12
New Vals:  0.999999893717965 0.01000000432496748
Step:  76
Gradient Norm 3.522774499783784e-05
Obj Function Norm:  8.38090561242238e-13
New Vals:  0.9999999289165784 0.010000002892615212
Step:  77
Gradient Norm 2.3560978516509365e-05
Obj Function Norm:  3.748934625423755e-13
New Vals:  0.9999999524580733 0.010000001934633782
Step:  78
Gradient Norm 1.575802517245974e-05
Obj Function Norm:  1.676967948957561e-13
New Vals:  0.9999999682030675 0.010000001293918813
Step:  79
Gradient Norm 1.053926301189455e-05
Obj Function Norm:  7.501388417808702e-14
New Vals:  0.9999999787336151 0.010000000865396898
Step:  80
Gradient Norm 7.048856865081971e-06
Obj Function Norm:  3.355510040329401e-14
New Vals:  0.999999985776643 0.010000000578793565
Step:  81
Gradient Norm 4.714407713884285e-06
Obj Function Norm:  1.500981789260243e-14
New Vals:  0.9999999904871522 0.01000000038710795
Step:  82
Gradient Norm 3.153084288691864e-06
Obj Function Norm:  6.7141696951269846e-15
New Vals:  0.999999993637629 0.010000000258905047
Step:  83
Gradient Norm 2.10884192354613e-06
Obj Function Norm:  3.003372214276854e-15
New Vals:  0.9999999957447271 0.010000000173160575
Step:  84
Gradient Norm 1.410432965374596e-06
Obj Function Norm:  1.3434641507286503e-15
New Vals:  0.9999999971539937 0.010000000115813014
Step:  85
Gradient Norm 9.43324061544154e-07
Obj Function Norm:  6.009563451031429e-16
New Vals:  0.9999999980965377 0.010000000077457948
Step:  86
Gradient Norm 6.309127933986451e-07
Obj Function Norm:  2.6881887074463594e-16
New Vals:  0.9999999987269288 0.010000000051805343
Step:  87
Gradient Norm 4.219662806589283e-07
Obj Function Norm:  1.2024768024504411e-16
New Vals:  0.9999999991485461 0.01000000003464838
Step:  88
Gradient Norm 2.8221898480272705e-07
Obj Function Norm:  5.378896526330953e-17
New Vals:  0.9999999994305317 0.010000000023173502
Step:  89
Gradient Norm 1.8875326246369542e-07
Obj Function Norm:  2.406083022561634e-17
New Vals:  0.9999999996191289 0.010000000015498823
Step:  90
Gradient Norm 1.2624179944548548e-07
Obj Function Norm:  1.0762850722667417e-17
New Vals:  0.9999999997452663 0.010000000010365941
Step:  91
Gradient Norm 8.443286583165632e-08
Obj Function Norm:  4.8144178222909235e-18
New Vals:  0.9999999998296294 0.010000000006932947
Step:  92
Gradient Norm 5.647025658900516e-08
Obj Function Norm:  2.1535774976260603e-18
New Vals:  0.9999999998860529 0.010000000004636883
Step:  93
Gradient Norm 3.7768359769920666e-08
Obj Function Norm:  9.633345078542915e-19
New Vals:  0.9999999999237901 0.010000000003101221
Step:  94
Gradient Norm 2.5260179411756953e-08
Obj Function Norm:  4.3091635378784905e-19
New Vals:  0.9999999999490293 0.010000000002074148
Step:  95
Gradient Norm 1.6894461763539467e-08
Obj Function Norm:  1.927593167777873e-19
New Vals:  0.9999999999659098 0.0100000000013872
Step:  96
Gradient Norm 1.1299404636397508e-08
Obj Function Norm:  8.622525455830398e-20
New Vals:  0.9999999999771999 0.01000000000092783
exact kb: 1.0
exact beta: 0.01
found kb: 0.9999999999771999
found beta: 0.01000000000092783
Est Field max err: 7.178705407895336e-10
Est Field mean err: 2.2884689171986407e-10
Est phase max err: 7.422187309202855e-10
Est phase mean err: 3.589177295111758e-10
Making derivative grids
time to make derivatives: 1.22141695022583
theta_x max err: 2.3841826135573285e-07
theta_x mean err: 4.223574968941869e-09
theta_y max err: 8.116786409662069e-11
theta_y mean err: 3.3152922036649115e-12
wave num max err: 2.3764387324654024e-07
wave num mean err: 4.21487254693209e-09
Div(k) max err: 1.2318361236607345e-07
Div(k) mean err: 1.7103810888298423e-09
Curl(k) max err: 2.0701398494721301e-13
Curl(k) mean err: 3.432336814541482e-14
J(k) max err: 1.8255740530923915e-09
J(k) mean err: 1.0967575866567559e-11
Gap: 6.283185307179586
Total Time: 35.68666696548462
F max err: 2.3280488647969833e-11
F mean err: 8.686800776666163e-12
Shape F: (256, 256)
Shape Wavenums: (256, 256)
